// Jest Snapshot v1, https://goo.gl/fbAQLP

exports[`childStatistics returns statististics for count and type per tag name 1`] = `
Object {
  "div": Object {
    "children": Object {
      "div": 1,
    },
    "statistics": Object {
      "average": 0.5,
      "median": 0.5,
      "total": 1,
    },
  },
  "img": Object {
    "children": Object {},
    "statistics": Object {
      "average": 0,
      "median": 0,
      "total": 0,
    },
  },
  "span": Object {
    "children": Object {
      "span": 1,
    },
    "statistics": Object {
      "average": 0.3333333333333333,
      "median": 0,
      "total": 1,
    },
  },
}
`;
